  姝ｅ湪纭畾瑕佽繕鍘熺殑椤圭洰鈥?
  鎵€鏈夐」鐩潎鏄渶鏂扮殑锛屾棤娉曡繕鍘熴€?
  Alife.Core -> C:\Users\13309\Desktop\Alife\src\Alife.Core\bin\Debug\net10.0\Alife.Core.dll
  Alife.Interpreter -> c:\Users\13309\Desktop\Alife\src\Alife.Interpreter\bin\Debug\net9.0\Alife.Interpreter.dll
  Alife.Speech -> C:\Users\13309\Desktop\Alife\src\Alife.Speech\bin\Debug\net10.0\Alife.Speech.dll
C:\Users\13309\Desktop\Alife\src\Alife.Function\ChatService.cs(24,17): error CS1061: 鈥淐hatBot鈥濇湭鍖呭惈鈥淐hatStart鈥濈殑瀹氫箟锛屽苟涓旀壘涓嶅埌鍙帴鍙楃涓€涓€淐hatBot鈥濈被鍨嬪弬鏁扮殑鍙闂墿灞曟柟娉曗€淐hatStart鈥?鏄惁缂哄皯 using 鎸囦护鎴栫▼搴忛泦寮曠敤?) [C:\Users\13309\Desktop\Alife\src\Alife.Function\Alife.Function.csproj]
C:\Users\13309\Desktop\Alife\src\Alife.Function\ChatService.cs(28,17): error CS1061: 鈥淐hatBot鈥濇湭鍖呭惈鈥淐hatHandle鈥濈殑瀹氫箟锛屽苟涓旀壘涓嶅埌鍙帴鍙楃涓€涓€淐hatBot鈥濈被鍨嬪弬鏁扮殑鍙闂墿灞曟柟娉曗€淐hatHandle鈥?鏄惁缂哄皯 using 鎸囦护鎴栫▼搴忛泦寮曠敤?) [C:\Users\13309\Desktop\Alife\src\Alife.Function\Alife.Function.csproj]
C:\Users\13309\Desktop\Alife\src\Alife.Function\ChatService.cs(35,17): error CS1061: 鈥淐hatBot鈥濇湭鍖呭惈鈥淐hatEnd鈥濈殑瀹氫箟锛屽苟涓旀壘涓嶅埌鍙帴鍙楃涓€涓€淐hatBot鈥濈被鍨嬪弬鏁扮殑鍙闂墿灞曟柟娉曗€淐hatEnd鈥?鏄惁缂哄皯 using 鎸囦护鎴栫▼搴忛泦寮曠敤?) [C:\Users\13309\Desktop\Alife\src\Alife.Function\Alife.Function.csproj]
C:\Users\13309\Desktop\Alife\src\Alife.Function\ChatService.cs(49,26): warning CS8604: 鈥渧oid ChatBot.Chat(string content, AuthorRole? role = null)鈥濅腑鐨勫舰鍙傗€渃ontent鈥濆彲鑳戒紶鍏?null 寮曠敤瀹炲弬銆?[C:\Users\13309\Desktop\Alife\src\Alife.Function\Alife.Function.csproj]
C:\Users\13309\Desktop\Alife\src\Alife.Function\SpeechService.cs(22,30): warning CS0649: 浠庢湭瀵瑰瓧娈碘€淪peechService.validationCancelSource鈥濊祴鍊硷紝瀛楁灏嗕竴鐩翠繚鎸佸叾榛樿鍊?null [C:\Users\13309\Desktop\Alife\src\Alife.Function\Alife.Function.csproj]

鐢熸垚澶辫触銆?

C:\Users\13309\Desktop\Alife\src\Alife.Function\ChatService.cs(49,26): warning CS8604: 鈥渧oid ChatBot.Chat(string content, AuthorRole? role = null)鈥濅腑鐨勫舰鍙傗€渃ontent鈥濆彲鑳戒紶鍏?null 寮曠敤瀹炲弬銆?[C:\Users\13309\Desktop\Alife\src\Alife.Function\Alife.Function.csproj]
C:\Users\13309\Desktop\Alife\src\Alife.Function\SpeechService.cs(22,30): warning CS0649: 浠庢湭瀵瑰瓧娈碘€淪peechService.validationCancelSource鈥濊祴鍊硷紝瀛楁灏嗕竴鐩翠繚鎸佸叾榛樿鍊?null [C:\Users\13309\Desktop\Alife\src\Alife.Function\Alife.Function.csproj]
C:\Users\13309\Desktop\Alife\src\Alife.Function\ChatService.cs(24,17): error CS1061: 鈥淐hatBot鈥濇湭鍖呭惈鈥淐hatStart鈥濈殑瀹氫箟锛屽苟涓旀壘涓嶅埌鍙帴鍙楃涓€涓€淐hatBot鈥濈被鍨嬪弬鏁扮殑鍙闂墿灞曟柟娉曗€淐hatStart鈥?鏄惁缂哄皯 using 鎸囦护鎴栫▼搴忛泦寮曠敤?) [C:\Users\13309\Desktop\Alife\src\Alife.Function\Alife.Function.csproj]
C:\Users\13309\Desktop\Alife\src\Alife.Function\ChatService.cs(28,17): error CS1061: 鈥淐hatBot鈥濇湭鍖呭惈鈥淐hatHandle鈥濈殑瀹氫箟锛屽苟涓旀壘涓嶅埌鍙帴鍙楃涓€涓€淐hatBot鈥濈被鍨嬪弬鏁扮殑鍙闂墿灞曟柟娉曗€淐hatHandle鈥?鏄惁缂哄皯 using 鎸囦护鎴栫▼搴忛泦寮曠敤?) [C:\Users\13309\Desktop\Alife\src\Alife.Function\Alife.Function.csproj]
C:\Users\13309\Desktop\Alife\src\Alife.Function\ChatService.cs(35,17): error CS1061: 鈥淐hatBot鈥濇湭鍖呭惈鈥淐hatEnd鈥濈殑瀹氫箟锛屽苟涓旀壘涓嶅埌鍙帴鍙楃涓€涓€淐hatBot鈥濈被鍨嬪弬鏁扮殑鍙闂墿灞曟柟娉曗€淐hatEnd鈥?鏄惁缂哄皯 using 鎸囦护鎴栫▼搴忛泦寮曠敤?) [C:\Users\13309\Desktop\Alife\src\Alife.Function\Alife.Function.csproj]
    2 涓鍛?
    3 涓敊璇?

宸茬敤鏃堕棿 00:00:01.11
