  姝ｅ湪纭畾瑕佽繕鍘熺殑椤圭洰鈥?
  鎵€鏈夐」鐩潎鏄渶鏂扮殑锛屾棤娉曡繕鍘熴€?
  Alife.Core -> C:\Users\13309\Desktop\Alife\src\Alife.Core\bin\Debug\net10.0\Alife.Core.dll
  Alife.Interpreter -> C:\Users\13309\Desktop\Alife\src\Alife.Interpreter\bin\Debug\net9.0\Alife.Interpreter.dll
  Alife.Speech -> C:\Users\13309\Desktop\Alife\src\Alife.Speech\bin\Debug\net10.0\Alife.Speech.dll
  Alife.OfficialPlugins -> C:\Users\13309\Desktop\Alife\src\Alife.OfficialPlugins\bin\Debug\net10.0\Alife.OfficialPlugins.dll
  Alife.OfficialPlugins.Tests -> C:\Users\13309\Desktop\Alife\src\Alife.OfficialPlugins.Tests\bin\Debug\net10.0\Alife.OfficialPlugins.Tests.dll
C:\Users\13309\Desktop\Alife\src\Alife.OfficialPlugins.Tests\bin\Debug\net10.0\Alife.OfficialPlugins.Tests.dll (.NETCoreApp,Version=v10.0)鐨勬祴璇曡繍琛?
VSTest 鐗堟湰 18.0.1 (x64)

姝ｅ湪鍚姩娴嬭瘯鎵ц锛岃绋嶅€?..
鎬诲叡 1 涓祴璇曟枃浠朵笌鎸囧畾妯″紡鐩稿尮閰嶃€?
C:\Users\13309\Desktop\Alife\src\Alife.OfficialPlugins.Tests\bin\Debug\net10.0\Alife.OfficialPlugins.Tests.dll
[xUnit.net 00:00:00.00] xUnit.net VSTest Adapter v2.8.2+699d445a1a (64-bit .NET 10.0.4)
[xUnit.net 00:00:00.06]   Discovering: Alife.OfficialPlugins.Tests
[xUnit.net 00:00:00.09]   Discovered:  Alife.OfficialPlugins.Tests
[xUnit.net 00:00:00.09]   Starting:    Alife.OfficialPlugins.Tests
[PetService] Pet process started successfully.
=== 锟斤拷始硬锟斤拷锟斤拷锟斤拷戏锟斤拷锟斤拷锟斤拷锟斤拷 ===
=== 锟斤拷戏锟斤拷锟斤拷锟斤拷锟教斤拷锟斤拷 ===
[xUnit.net 00:00:20.31]   Finished:    Alife.OfficialPlugins.Tests
  宸查€氳繃 Alife.OfficialPlugins.Tests.OfficialPluginsTests.TestPetInteractionFlow [20 s]

娴嬭瘯杩愯鎴愬姛銆?
娴嬭瘯鎬绘暟: 1
     閫氳繃鏁? 1
鎬绘椂闂? 20.6789 绉?
